PAGABMPATH\gisdk\20190227_15_18_16b_16b_PopSyn3_CTRAMP2_TC60.rsc
PAGABMPATH\gisdk\Initialization.20190220.rsc
PAGABMPATH\gisdk\Area_Type_Procedure_20160829.rsc
PAGABMPATH\gisdk\TransitAccessLinks.20160628.rsc
PAGABMPATH\gisdk\WalkAccessPercents.20130729.rsc
PAGABMPATH\gisdk\TripGeneration.20170117.rsc
PAGABMPATH\gisdk\AirportModelV4.rsc
PAGABMPATH\gisdk\Create_AI_Segmentation_v5_20141006.rsc
PAGABMPATH\gisdk\Create_Weighted_WalkTime.rsc
PAGABMPATH\gisdk\HighwaySkimming.20160829.rsc
PAGABMPATH\gisdk\TransitSkimming.20160629.rsc
PAGABMPATH\gisdk\Autoown_Logsum.20170523.rsc
PAGABMPATH\gisdk\DestinationChoice.20170523.rsc
PAGABMPATH\gisdk\ModalSplit.20170523.rsc
PAGABMPATH\gisdk\HighwayAssignment.20190301_subzone.rsc
PAGABMPATH\gisdk\TransitAssignment.20170202.rsc
PAGABMPATH\gisdk\Utilities.20160730.rsc
PAGABMPATH\gisdk\PopulationSynthesis.rsc
PAGABMPATH\gisdk\CreateBatchFiles.20190228.rsc
PAGABMPATH\gisdk\ActivityBasedModel.20190228.rsc